// Jest Snapshot v1, https://goo.gl/fbAQLP

exports[`renders correctly 1`] = `
<button
  className="forex-live-wall--button"
>
  Search
</button>
`;
